// Jest Snapshot v1, https://goo.gl/fbAQLP

exports[`<StatsCardContainer /> component <StatsCardContainer /> component with interval 0 renders correctly 1`] = `
<div>
  <div
    class="wrapper"
    data-testid="StatsCardContainer"
  >
    <div
      title="Total cases"
    >
      <svg
        id="_x31_-outline-expand"
        version="1.1"
        viewBox="0 0 64 64"
      >
        
  
        <path
          class="st0"
          d="M46.2,26.6c-0.9-1.3-2.4-0.8-3.3-0.6c-0.2,0.1-0.4,0.1-0.6,0.2c0-0.2,0.1-0.4,0.2-0.6c0.3-1,0.8-2.4-0.5-3.3  c-1.2-0.8-2.4,0.1-3.2,0.7c-0.1,0.1-0.3,0.2-0.4,0.3c0-0.2,0-0.4,0-0.5c0-0.9-0.1-2.5-1.6-2.9c-1.4-0.3-2.2,1-2.8,1.8  c-0.1,0.1-0.2,0.3-0.3,0.4c-0.1-0.2-0.1-0.3-0.2-0.5c-0.4-0.9-0.9-2.3-2.5-2.2c-1.5,0.2-1.8,1.7-2,2.6c0,0.1-0.1,0.3-0.1,0.5  c-0.1-0.1-0.2-0.3-0.3-0.4c-0.7-0.8-1.7-1.9-3.1-1.3c-1.3,0.7-1.1,2.2-1,3.2c0,0.2,0.1,0.4,0.1,0.6c-0.2-0.1-0.3-0.2-0.5-0.2  c-0.8-0.4-2.3-1.2-3.4-0.1c-1,1.1-0.3,2.4,0.2,3.3c0.1,0.2,0.2,0.5,0.3,0.7c-0.2,0-0.5,0-0.7,0c-1-0.1-2.6-0.2-3.2,1.3  c-0.2,0.5,0,1.1,0.5,1.3c0.5,0.2,1.1,0,1.3-0.5c0.1-0.2,0.8-0.1,1.2-0.1c0.9,0.1,2,0.1,2.6-0.8c0.6-0.9,0.1-2-0.3-2.8  c-0.1-0.3-0.4-0.8-0.4-1c0.2,0,0.7,0.3,1,0.4c0.8,0.4,1.8,0.9,2.7,0.3c0.9-0.6,0.8-1.8,0.6-2.7c0-0.3-0.1-0.8-0.1-1  c0.2,0.2,0.5,0.5,0.7,0.7c0.6,0.7,1.4,1.5,2.4,1.2c1.1-0.3,1.3-1.4,1.5-2.3c0.1-0.3,0.2-0.7,0.2-0.9c0.1,0.2,0.3,0.6,0.4,0.9  c0.3,0.9,0.8,1.9,1.8,2c1.1,0.1,1.7-0.9,2.2-1.6c0.1-0.2,0.4-0.6,0.5-0.8c0.1,0.3,0.1,0.7,0.1,1c0,0.9,0.1,2.1,1.1,2.5  c1,0.5,1.9-0.2,2.6-0.8c0.2-0.2,0.6-0.5,0.8-0.6c0,0.3-0.2,0.7-0.3,1c-0.3,0.9-0.6,2,0.1,2.7c0.8,0.8,1.9,0.5,2.7,0.3  c0.3-0.1,1-0.3,1.1-0.3c0,0.2-0.4,0.7-0.6,1c-0.5,0.7-1.3,1.7-0.8,2.7c0.2,0.4,0.5,0.6,0.9,0.6c0.1,0,0.3,0,0.4-0.1  c0.5-0.2,0.7-0.7,0.5-1.2c0.1-0.2,0.3-0.6,0.5-0.8C46.1,29.1,47,27.9,46.2,26.6z"
        />
        
  
        <path
          class="st0"
          d="M56.9,42.9c-1.1-0.7-2.5-0.5-3.4,0.3l-2.8-1.6c1-2,1.7-4.1,2.1-6.4l4,0.4l0.2-2l-4-0.4c0-0.4,0.1-0.8,0.1-1.2  s0-0.8-0.1-1.2l4-0.4l-0.2-2l-4,0.4c-0.3-2.3-1.1-4.4-2.1-6.4l2.8-1.6c0.9,0.8,2.3,1,3.4,0.3c1.4-0.8,1.9-2.7,1.1-4.1  s-2.7-1.9-4.1-1.1c-1.1,0.7-1.7,1.9-1.4,3.1l-2.8,1.6c-1.2-1.9-2.8-3.6-4.5-5l2.4-3.3l-1.6-1.2l-2.4,3.3c-0.7-0.4-1.4-0.8-2.1-1.2  l1.6-3.7l-1.8-0.8l-1.6,3.7c-2.1-0.8-4.3-1.3-6.6-1.4V7.8c1.2-0.4,2-1.5,2-2.8c0-1.7-1.3-3-3-3s-3,1.3-3,3c0,1.3,0.8,2.4,2,2.8v3.2  c-2.3,0.1-4.5,0.6-6.6,1.4l-1.6-3.7l-1.8,0.8l1.6,3.7c-0.7,0.4-1.4,0.8-2.1,1.2l-2.4-3.3l-1.6,1.2l2.4,3.3c-1.8,1.4-3.3,3.1-4.5,5  L11.6,19c0.2-1.2-0.3-2.5-1.4-3.1C8.7,15.1,6.8,15.6,6,17s-0.3,3.3,1.1,4.1c1.1,0.7,2.5,0.5,3.4-0.3l2.8,1.6c-1,2-1.7,4.1-2.1,6.4  l-4-0.4l-0.2,2l4,0.4c0,0.4-0.1,0.8-0.1,1.2s0,0.8,0.1,1.2l-4,0.4l0.2,2l4-0.4c0.3,2.3,1.1,4.4,2.1,6.4l-2.8,1.6  c-0.9-0.8-2.3-1-3.4-0.3C5.7,43.7,5.2,45.6,6,47s2.7,1.9,4.1,1.1c1.1-0.7,1.7-1.9,1.4-3.1l2.8-1.6c1.2,1.9,2.8,3.6,4.5,5l-2.4,3.3  l1.6,1.2l2.4-3.3c0.7,0.4,1.4,0.8,2.1,1.2l-1.6,3.7l1.8,0.8l1.6-3.7c2.1,0.8,4.3,1.3,6.6,1.4v3.2c-1.2,0.4-2,1.5-2,2.8  c0,1.7,1.3,3,3,3s3-1.3,3-3c0-1.3-0.8-2.4-2-2.8v-3.2c2.3-0.1,4.5-0.6,6.6-1.4l1.6,3.7l1.8-0.8l-1.6-3.7c0.7-0.4,1.4-0.8,2.1-1.2  l2.4,3.3l1.6-1.2l-2.4-3.3c1.8-1.4,3.3-3.1,4.5-5l2.8,1.6c-0.2,1.2,0.3,2.5,1.4,3.1c1.4,0.8,3.3,0.3,4.1-1.1S58.3,43.7,56.9,42.9z   M44,46.8l-1.2-1.6l-1.6,1.2l1.2,1.6c-0.6,0.4-1.1,0.7-1.7,1l-0.8-1.8L38,47.9l0.8,1.8C37,50.4,35,50.8,33,50.9V49h-2v1.9  c-2-0.1-4-0.5-5.8-1.2l0.8-1.8l-1.8-0.8l-0.8,1.8c-0.6-0.3-1.2-0.6-1.7-1l1.2-1.6l-1.6-1.2L20,46.8c-1.5-1.3-2.9-2.7-4-4.4l1.7-1  l-1-1.7l-1.7,1c-0.9-1.7-1.5-3.6-1.8-5.6l1.9-0.2l-0.2-2L13.1,33c0-0.3-0.1-0.7-0.1-1s0-0.7,0.1-1l1.9,0.2l0.2-2L13.3,29  c0.3-2,0.9-3.9,1.8-5.6l1.7,1l1-1.7l-1.7-1c1.1-1.7,2.4-3.2,4-4.4l1.2,1.6l1.6-1.2l-1.2-1.6c0.6-0.4,1.1-0.7,1.7-1l0.8,1.8l1.8-0.8  l-0.8-1.8c1.8-0.7,3.8-1.1,5.8-1.2V15h2v-1.9c2,0.1,4,0.5,5.8,1.2L38,16.1l1.8,0.8l0.8-1.8c0.6,0.3,1.2,0.6,1.7,1l-1.2,1.6l1.6,1.2  l1.2-1.6c1.5,1.3,2.9,2.7,4,4.4l-1.7,1l1,1.7l1.7-1c0.9,1.7,1.5,3.6,1.8,5.6l-1.9,0.2l0.2,2l1.9-0.2c0,0.3,0.1,0.7,0.1,1  s0,0.7-0.1,1L49,32.8l-0.2,2l1.9,0.2c-0.3,2-0.9,3.9-1.8,5.6l-1.7-1l-1,1.7l1.7,1C46.8,44,45.5,45.5,44,46.8z"
        />
        

      </svg>
      <div>
        199
      </div>
    </div>
    <div
      title="Active cases"
    >
      <svg
        id="_x31_-outline-expand"
        version="1.1"
        viewBox="0 0 64 64"
      >
        
  
        <path
          d="M37,21c0-3.169-0.825-6.143-2.263-8.729C38.407,10.79,41,7.201,41,3H19C9.059,3,1,11.059,1,21v13  l2,14v14h19V50h14v-6h-4c-1.657,0-3-1.343-3-3s1.343-3,3-3h4v-4h6L37,21z M34,32v4h-2c-2.757,0-5,2.243-5,5s2.243,5,5,5h2v2H20v12H5  V47.858L3.02,33.999C7.429,33.988,11,30.411,11,26c-2.209,0-4-1.791-4-4s1.791-4,4-4v-5h20c0.594,0,1.172-0.062,1.737-0.161  C34.164,15.232,35,18.017,35,21v0.372L39.088,32H34z"
          style="fill:#3A4249;"
        />
        
  
        <path
          d="M57.081,24.007c-0.602-1.118-1.984-1.555-3.12-0.987c-1.104,0.551-1.592,1.864-1.118,3.004L57,36v8  c0-1.657-1.343-3-3-3s-3,1.343-3,3v8l4,4v6h8V35L57.081,24.007z"
          style="fill:#3A4249;"
        />
        
  
        <polygon
          points="25.317,19.895 29.528,22 25.317,24.105 26.211,25.895 34,22 26.211,18.105 "
          style="fill:#3A4249;"
        />
        
  
        <rect
          height="2"
          style="fill:#3A4249;"
          width="2"
          x="38"
          y="40"
        />
        
  
        <rect
          height="2"
          style="fill:#3A4249;"
          width="2"
          x="42"
          y="40"
        />
        
  
        <rect
          height="2"
          style="fill:#3A4249;"
          width="2"
          x="42"
          y="44"
        />
        
  
        <rect
          height="2"
          style="fill:#3A4249;"
          width="2"
          x="42"
          y="36"
        />
        
  
        <rect
          height="2"
          style="fill:#3A4249;"
          width="2"
          x="46"
          y="36"
        />
        
  
        <rect
          height="2"
          style="fill:#3A4249;"
          width="2"
          x="46"
          y="32"
        />
        
  
        <rect
          height="2"
          style="fill:#3A4249;"
          width="2"
          x="46"
          y="40"
        />
        
  
        <rect
          height="2"
          style="fill:#3A4249;"
          width="2"
          x="46"
          y="44"
        />
        
  
        <rect
          height="2"
          style="fill:#3A4249;"
          width="2"
          x="46"
          y="48"
        />
        

      </svg>
      <div>
        150
      </div>
    </div>
    <div
      title="Today's cases"
    >
      <svg
        id="_x31_-outline-expand"
        version="1.1"
        viewBox="0 0 64 64"
      >
        
  
        <path
          d="M54,10c0-3.87-3.13-7-7-7s-7,3.13-7,7c0,0.35,0.03,0.7,0.09,1.03c2.19-0.95,4.83-0.53,6.62,1.26  l-1.42,1.42c-1.25-1.25-3.13-1.5-4.62-0.74C41.77,15.35,44.19,17,47,17C50.87,17,54,13.87,54,10z"
          style="fill:#3A4249;"
        />
        
  
        <path
          d="M18.928,9.732l1.732-1l-2-3.464l-1.732,1l0.5,0.866l-1.805,1.042C14.724,7.091,13.449,6.334,12,6.09  V4h1V2H9v2h1v2.09C8.551,6.334,7.276,7.091,6.377,8.176L4.572,7.134l0.5-0.866l-1.732-1l-2,3.464l1.732,1l0.5-0.866l1.81,1.045  C5.139,10.563,5,11.264,5,12s0.139,1.437,0.381,2.089l-1.81,1.045l-0.5-0.866l-1.732,1l2,3.464l1.732-1l-0.5-0.866l1.805-1.042  C7.276,16.909,8.551,17.666,10,17.91V20H9v2h4v-2h-1v-2.09c1.449-0.244,2.724-1.001,3.623-2.086l1.805,1.042l-0.5,0.866l1.732,1  l2-3.464l-1.732-1l-0.5,0.866l-1.81-1.045C16.861,13.437,17,12.736,17,12s-0.139-1.437-0.381-2.089l1.81-1.045L18.928,9.732z M11,16  c-2.209,0-4-1.791-4-4s1.791-4,4-4s4,1.791,4,4S13.209,16,11,16z"
          style="fill:#3A4249;"
        />
        
  
        <polygon
          points="30.293,15.293 31.707,16.707 36.414,12 31.707,7.293 30.293,8.707 32.586,11 25,11 25,13   32.586,13 "
          style="fill:#3A4249;"
        />
        
  
        <rect
          height="2"
          style="fill:#3A4249;"
          width="2"
          x="21"
          y="11"
        />
        
  
        <path
          d="M56,17h-9h-7.521c-3.103,0-5.694,2.366-5.975,5.457L33,28l-8,6l4,5l10-7v-8h2v8h-2v6l-4,24h8l4-24v24  h8V38V24h2v14h5V23C62,19.687,59.313,17,56,17z M48,33h-2v-2h2V33z M48,29h-2v-8h2V29z"
          style="fill:#3A4249;"
        />
        

      </svg>
      <div>
        19
      </div>
    </div>
    <div
      title="Critical cases"
    >
      <svg
        id="_x31_-outline-expand"
        version="1.1"
        viewBox="0 0 64 64"
      >
        
  
        <path
          d="M9.452,20.62l-1.57-1.239c3.049-3.86,6.636-7.246,10.662-10.065l1.146,1.639  C15.824,13.661,12.379,16.913,9.452,20.62z"
          style="fill:#3A4249;"
        />
        
  
        <polygon
          points="49,2 62,2 57,11 60,11 49,22 51,12 48,12 "
          style="fill:#3A4249;"
        />
        
  
        <path
          d="M40.59,13.41C40.21,13.14,39.75,13,39.28,13C38.02,13,37,14.02,37,15.28V28c-2.209,0-4-1.791-4-4V2  h-4v22c0,2.209-1.791,4-4,4V15.28c0-1.26-1.02-2.28-2.28-2.28c-0.47,0-0.93,0.14-1.31,0.41c-5.546,3.887-10.074,8.9-13.357,14.61  C10.513,32.197,14.941,35,20,35c1.763,0,3.445-0.354,5-0.973V32c2.39,0,4.54-1.05,6-2.71c1.46,1.66,3.61,2.71,6,2.71v16.63  c0,0.916,0.312,1.788,0.859,2.484c8.822-2.319,15.888-9.002,18.754-17.591C53.355,25.523,47.858,18.503,40.59,13.41z"
          style="fill:#3A4249;"
        />
        
  
        <path
          d="M39.895,52.599L56.49,61.72C56.82,61.9,57.2,62,57.59,62h0.13c1.261,0,2.28-1.02,2.28-2.28v-9.03  c0-4.935-0.806-9.765-2.323-14.323C54.396,44.037,47.901,50.012,39.895,52.599z"
          style="fill:#3A4249;"
        />
        
  
        <path
          d="M3.533,39.043c-0.039,0.146-0.086,0.29-0.123,0.437C2.48,43.1,2,46.86,2,50.69v9.03  C2,60.98,3.02,62,4.28,62h0.13c0.39,0,0.77-0.1,1.1-0.28l7.98-4.39l0.432-0.238C9.245,53.567,5.505,47.085,3.533,39.043z"
          style="fill:#3A4249;"
        />
        
  
        <path
          d="M20,37c-5.374,0-10.127-2.756-13.03-6.959c-0.07,0.138-0.151,0.271-0.22,0.41  c-0.756,1.518-1.419,3.082-1.999,4.681c1.625,9.684,5.761,17.462,11.063,20.922l7.116-3.912c1.28-0.7,2.07-2.05,2.07-3.51V36.163  C23.425,36.7,21.747,37,20,37z"
          style="fill:#3A4249;"
        />
        

      </svg>
      <div>
        1
      </div>
    </div>
    <div
      title="Deaths"
    >
      <svg
        height="64px"
        preserveAspectRatio="xMidYMid meet"
        version="1.1"
        viewBox="0 0 640 640"
        width="64px"
        x="0px"
        y="0px"
      >
        
  
        <g
          id="layer101"
        >
          
    
          <path
            d="M40 609 c22 -30 22 -30 37 -10 14 20 23 21 238 21 209 0 225 -1 234 -19 6 -10 9 -20 8 -22 -1 -2 4 3 11 11 46 52 57 50 -258 50 l-291 0 21 -31z"
            fill="#3a4249"
          />
          
    
          <path
            d="M110 386 c0 -113 4 -207 11 -223 14 -38 67 -92 106 -109 18 -8 58 -14 90 -14 96 0 167 55 193 149 11 39 14 310 4 360 l-7 31 -198 0 -199 0 0 -194z m290 -6 c0 -18 -7 -20 -80 -20 -73 0 -80 2 -80 20 0 18 7 20 80 20 73 0 80 -2 80 -20z m20 -80 c0 -19 -7 -20 -100 -20 -93 0 -100 1 -100 20 0 19 7 20 100 20 93 0 100 -1 100 -20z m-40 -80 c0 -18 -7 -20 -60 -20 -53 0 -60 2 -60 20 0 18 7 20 60 20 53 0 60 -2 60 -20z"
            fill="#3a4249"
          />
          
  
        </g>
        

      </svg>
      <div>
        0
      </div>
    </div>
    <div
      title="Recovered cases"
    >
      <svg
        id="_x31_-outline-expand"
        version="1.1"
        viewBox="0 0 64 64"
      >
        
  
        <path
          d="M54,57.499v-2h-4.283c-0.041-0.073-0.087-0.145-0.136-0.217l2.616-0.554l-0.414-1.957l-4.238,0.897  c-0.403-0.204-0.853-0.391-1.336-0.562l0.827-0.525l-1.072-1.688l-2.389,1.517c-0.828-0.155-1.71-0.27-2.633-0.337L41,52.059l-4-12  l-10-2v-9.06h7l7-7l-2-2v-7.454L49,8L39,3.454V2.999h-2v17l-5,5h-9.983c0.754-0.003,1.468-0.171,2.104-0.469  C22.85,23.85,22,22.53,22,21h2c0,1.1,0.9,2,2,2c0.63-0.83,1-1.87,1-3c0-2.76-2.24-5-5-5s-5,2.24-5,5  c0,2.757,2.235,4.994,4.991,4.999H15l-5.331,6.138c-1.019,1.172-1.266,2.828-0.635,4.247L12,42.059l4-2l-3-6l4-4v11l-1,19.94h5  l2-17.94l11,2l2.643,7.047c-0.774,0.069-1.514,0.173-2.217,0.305l-2.39-1.517l-1.072,1.688l0.826,0.525  c-0.483,0.172-0.932,0.359-1.335,0.562l-4.238-0.897l-0.414,1.957l2.616,0.554c-0.049,0.072-0.096,0.144-0.136,0.217H24v2h4.282  c0.041,0.074,0.088,0.146,0.137,0.218l-2.616,0.553l0.414,1.957l4.239-0.896c0.403,0.203,0.852,0.39,1.334,0.561l-0.827,0.524  l1.072,1.689l2.392-1.518c1.106,0.207,2.306,0.344,3.573,0.39V62h2v-1.021c1.266-0.047,2.467-0.183,3.572-0.39l2.392,1.518  l1.072-1.689l-0.826-0.524c0.482-0.172,0.931-0.358,1.334-0.562l4.239,0.897l0.414-1.957l-2.616-0.553  c0.049-0.072,0.096-0.145,0.137-0.218H54z"
          style="fill:#3A4249;"
        />
        

      </svg>
      <div>
        0
      </div>
    </div>
  </div>
</div>
`;

exports[`<StatsCardContainer /> component <StatsCardContainer /> component with interval 10 renders correctly 1`] = `
<div>
  <div
    class="wrapper"
    data-testid="StatsCardContainer"
  >
    <div
      title="Total cases"
    >
      <svg
        id="_x31_-outline-expand"
        version="1.1"
        viewBox="0 0 64 64"
      >
        
  
        <path
          class="st0"
          d="M46.2,26.6c-0.9-1.3-2.4-0.8-3.3-0.6c-0.2,0.1-0.4,0.1-0.6,0.2c0-0.2,0.1-0.4,0.2-0.6c0.3-1,0.8-2.4-0.5-3.3  c-1.2-0.8-2.4,0.1-3.2,0.7c-0.1,0.1-0.3,0.2-0.4,0.3c0-0.2,0-0.4,0-0.5c0-0.9-0.1-2.5-1.6-2.9c-1.4-0.3-2.2,1-2.8,1.8  c-0.1,0.1-0.2,0.3-0.3,0.4c-0.1-0.2-0.1-0.3-0.2-0.5c-0.4-0.9-0.9-2.3-2.5-2.2c-1.5,0.2-1.8,1.7-2,2.6c0,0.1-0.1,0.3-0.1,0.5  c-0.1-0.1-0.2-0.3-0.3-0.4c-0.7-0.8-1.7-1.9-3.1-1.3c-1.3,0.7-1.1,2.2-1,3.2c0,0.2,0.1,0.4,0.1,0.6c-0.2-0.1-0.3-0.2-0.5-0.2  c-0.8-0.4-2.3-1.2-3.4-0.1c-1,1.1-0.3,2.4,0.2,3.3c0.1,0.2,0.2,0.5,0.3,0.7c-0.2,0-0.5,0-0.7,0c-1-0.1-2.6-0.2-3.2,1.3  c-0.2,0.5,0,1.1,0.5,1.3c0.5,0.2,1.1,0,1.3-0.5c0.1-0.2,0.8-0.1,1.2-0.1c0.9,0.1,2,0.1,2.6-0.8c0.6-0.9,0.1-2-0.3-2.8  c-0.1-0.3-0.4-0.8-0.4-1c0.2,0,0.7,0.3,1,0.4c0.8,0.4,1.8,0.9,2.7,0.3c0.9-0.6,0.8-1.8,0.6-2.7c0-0.3-0.1-0.8-0.1-1  c0.2,0.2,0.5,0.5,0.7,0.7c0.6,0.7,1.4,1.5,2.4,1.2c1.1-0.3,1.3-1.4,1.5-2.3c0.1-0.3,0.2-0.7,0.2-0.9c0.1,0.2,0.3,0.6,0.4,0.9  c0.3,0.9,0.8,1.9,1.8,2c1.1,0.1,1.7-0.9,2.2-1.6c0.1-0.2,0.4-0.6,0.5-0.8c0.1,0.3,0.1,0.7,0.1,1c0,0.9,0.1,2.1,1.1,2.5  c1,0.5,1.9-0.2,2.6-0.8c0.2-0.2,0.6-0.5,0.8-0.6c0,0.3-0.2,0.7-0.3,1c-0.3,0.9-0.6,2,0.1,2.7c0.8,0.8,1.9,0.5,2.7,0.3  c0.3-0.1,1-0.3,1.1-0.3c0,0.2-0.4,0.7-0.6,1c-0.5,0.7-1.3,1.7-0.8,2.7c0.2,0.4,0.5,0.6,0.9,0.6c0.1,0,0.3,0,0.4-0.1  c0.5-0.2,0.7-0.7,0.5-1.2c0.1-0.2,0.3-0.6,0.5-0.8C46.1,29.1,47,27.9,46.2,26.6z"
        />
        
  
        <path
          class="st0"
          d="M56.9,42.9c-1.1-0.7-2.5-0.5-3.4,0.3l-2.8-1.6c1-2,1.7-4.1,2.1-6.4l4,0.4l0.2-2l-4-0.4c0-0.4,0.1-0.8,0.1-1.2  s0-0.8-0.1-1.2l4-0.4l-0.2-2l-4,0.4c-0.3-2.3-1.1-4.4-2.1-6.4l2.8-1.6c0.9,0.8,2.3,1,3.4,0.3c1.4-0.8,1.9-2.7,1.1-4.1  s-2.7-1.9-4.1-1.1c-1.1,0.7-1.7,1.9-1.4,3.1l-2.8,1.6c-1.2-1.9-2.8-3.6-4.5-5l2.4-3.3l-1.6-1.2l-2.4,3.3c-0.7-0.4-1.4-0.8-2.1-1.2  l1.6-3.7l-1.8-0.8l-1.6,3.7c-2.1-0.8-4.3-1.3-6.6-1.4V7.8c1.2-0.4,2-1.5,2-2.8c0-1.7-1.3-3-3-3s-3,1.3-3,3c0,1.3,0.8,2.4,2,2.8v3.2  c-2.3,0.1-4.5,0.6-6.6,1.4l-1.6-3.7l-1.8,0.8l1.6,3.7c-0.7,0.4-1.4,0.8-2.1,1.2l-2.4-3.3l-1.6,1.2l2.4,3.3c-1.8,1.4-3.3,3.1-4.5,5  L11.6,19c0.2-1.2-0.3-2.5-1.4-3.1C8.7,15.1,6.8,15.6,6,17s-0.3,3.3,1.1,4.1c1.1,0.7,2.5,0.5,3.4-0.3l2.8,1.6c-1,2-1.7,4.1-2.1,6.4  l-4-0.4l-0.2,2l4,0.4c0,0.4-0.1,0.8-0.1,1.2s0,0.8,0.1,1.2l-4,0.4l0.2,2l4-0.4c0.3,2.3,1.1,4.4,2.1,6.4l-2.8,1.6  c-0.9-0.8-2.3-1-3.4-0.3C5.7,43.7,5.2,45.6,6,47s2.7,1.9,4.1,1.1c1.1-0.7,1.7-1.9,1.4-3.1l2.8-1.6c1.2,1.9,2.8,3.6,4.5,5l-2.4,3.3  l1.6,1.2l2.4-3.3c0.7,0.4,1.4,0.8,2.1,1.2l-1.6,3.7l1.8,0.8l1.6-3.7c2.1,0.8,4.3,1.3,6.6,1.4v3.2c-1.2,0.4-2,1.5-2,2.8  c0,1.7,1.3,3,3,3s3-1.3,3-3c0-1.3-0.8-2.4-2-2.8v-3.2c2.3-0.1,4.5-0.6,6.6-1.4l1.6,3.7l1.8-0.8l-1.6-3.7c0.7-0.4,1.4-0.8,2.1-1.2  l2.4,3.3l1.6-1.2l-2.4-3.3c1.8-1.4,3.3-3.1,4.5-5l2.8,1.6c-0.2,1.2,0.3,2.5,1.4,3.1c1.4,0.8,3.3,0.3,4.1-1.1S58.3,43.7,56.9,42.9z   M44,46.8l-1.2-1.6l-1.6,1.2l1.2,1.6c-0.6,0.4-1.1,0.7-1.7,1l-0.8-1.8L38,47.9l0.8,1.8C37,50.4,35,50.8,33,50.9V49h-2v1.9  c-2-0.1-4-0.5-5.8-1.2l0.8-1.8l-1.8-0.8l-0.8,1.8c-0.6-0.3-1.2-0.6-1.7-1l1.2-1.6l-1.6-1.2L20,46.8c-1.5-1.3-2.9-2.7-4-4.4l1.7-1  l-1-1.7l-1.7,1c-0.9-1.7-1.5-3.6-1.8-5.6l1.9-0.2l-0.2-2L13.1,33c0-0.3-0.1-0.7-0.1-1s0-0.7,0.1-1l1.9,0.2l0.2-2L13.3,29  c0.3-2,0.9-3.9,1.8-5.6l1.7,1l1-1.7l-1.7-1c1.1-1.7,2.4-3.2,4-4.4l1.2,1.6l1.6-1.2l-1.2-1.6c0.6-0.4,1.1-0.7,1.7-1l0.8,1.8l1.8-0.8  l-0.8-1.8c1.8-0.7,3.8-1.1,5.8-1.2V15h2v-1.9c2,0.1,4,0.5,5.8,1.2L38,16.1l1.8,0.8l0.8-1.8c0.6,0.3,1.2,0.6,1.7,1l-1.2,1.6l1.6,1.2  l1.2-1.6c1.5,1.3,2.9,2.7,4,4.4l-1.7,1l1,1.7l1.7-1c0.9,1.7,1.5,3.6,1.8,5.6l-1.9,0.2l0.2,2l1.9-0.2c0,0.3,0.1,0.7,0.1,1  s0,0.7-0.1,1L49,32.8l-0.2,2l1.9,0.2c-0.3,2-0.9,3.9-1.8,5.6l-1.7-1l-1,1.7l1.7,1C46.8,44,45.5,45.5,44,46.8z"
        />
        

      </svg>
      <div>
        199
      </div>
    </div>
    <div
      title="Active cases"
    >
      <svg
        id="_x31_-outline-expand"
        version="1.1"
        viewBox="0 0 64 64"
      >
        
  
        <path
          d="M37,21c0-3.169-0.825-6.143-2.263-8.729C38.407,10.79,41,7.201,41,3H19C9.059,3,1,11.059,1,21v13  l2,14v14h19V50h14v-6h-4c-1.657,0-3-1.343-3-3s1.343-3,3-3h4v-4h6L37,21z M34,32v4h-2c-2.757,0-5,2.243-5,5s2.243,5,5,5h2v2H20v12H5  V47.858L3.02,33.999C7.429,33.988,11,30.411,11,26c-2.209,0-4-1.791-4-4s1.791-4,4-4v-5h20c0.594,0,1.172-0.062,1.737-0.161  C34.164,15.232,35,18.017,35,21v0.372L39.088,32H34z"
          style="fill:#3A4249;"
        />
        
  
        <path
          d="M57.081,24.007c-0.602-1.118-1.984-1.555-3.12-0.987c-1.104,0.551-1.592,1.864-1.118,3.004L57,36v8  c0-1.657-1.343-3-3-3s-3,1.343-3,3v8l4,4v6h8V35L57.081,24.007z"
          style="fill:#3A4249;"
        />
        
  
        <polygon
          points="25.317,19.895 29.528,22 25.317,24.105 26.211,25.895 34,22 26.211,18.105 "
          style="fill:#3A4249;"
        />
        
  
        <rect
          height="2"
          style="fill:#3A4249;"
          width="2"
          x="38"
          y="40"
        />
        
  
        <rect
          height="2"
          style="fill:#3A4249;"
          width="2"
          x="42"
          y="40"
        />
        
  
        <rect
          height="2"
          style="fill:#3A4249;"
          width="2"
          x="42"
          y="44"
        />
        
  
        <rect
          height="2"
          style="fill:#3A4249;"
          width="2"
          x="42"
          y="36"
        />
        
  
        <rect
          height="2"
          style="fill:#3A4249;"
          width="2"
          x="46"
          y="36"
        />
        
  
        <rect
          height="2"
          style="fill:#3A4249;"
          width="2"
          x="46"
          y="32"
        />
        
  
        <rect
          height="2"
          style="fill:#3A4249;"
          width="2"
          x="46"
          y="40"
        />
        
  
        <rect
          height="2"
          style="fill:#3A4249;"
          width="2"
          x="46"
          y="44"
        />
        
  
        <rect
          height="2"
          style="fill:#3A4249;"
          width="2"
          x="46"
          y="48"
        />
        

      </svg>
      <div>
        150
      </div>
    </div>
    <div
      title="Today's cases"
    >
      <svg
        id="_x31_-outline-expand"
        version="1.1"
        viewBox="0 0 64 64"
      >
        
  
        <path
          d="M54,10c0-3.87-3.13-7-7-7s-7,3.13-7,7c0,0.35,0.03,0.7,0.09,1.03c2.19-0.95,4.83-0.53,6.62,1.26  l-1.42,1.42c-1.25-1.25-3.13-1.5-4.62-0.74C41.77,15.35,44.19,17,47,17C50.87,17,54,13.87,54,10z"
          style="fill:#3A4249;"
        />
        
  
        <path
          d="M18.928,9.732l1.732-1l-2-3.464l-1.732,1l0.5,0.866l-1.805,1.042C14.724,7.091,13.449,6.334,12,6.09  V4h1V2H9v2h1v2.09C8.551,6.334,7.276,7.091,6.377,8.176L4.572,7.134l0.5-0.866l-1.732-1l-2,3.464l1.732,1l0.5-0.866l1.81,1.045  C5.139,10.563,5,11.264,5,12s0.139,1.437,0.381,2.089l-1.81,1.045l-0.5-0.866l-1.732,1l2,3.464l1.732-1l-0.5-0.866l1.805-1.042  C7.276,16.909,8.551,17.666,10,17.91V20H9v2h4v-2h-1v-2.09c1.449-0.244,2.724-1.001,3.623-2.086l1.805,1.042l-0.5,0.866l1.732,1  l2-3.464l-1.732-1l-0.5,0.866l-1.81-1.045C16.861,13.437,17,12.736,17,12s-0.139-1.437-0.381-2.089l1.81-1.045L18.928,9.732z M11,16  c-2.209,0-4-1.791-4-4s1.791-4,4-4s4,1.791,4,4S13.209,16,11,16z"
          style="fill:#3A4249;"
        />
        
  
        <polygon
          points="30.293,15.293 31.707,16.707 36.414,12 31.707,7.293 30.293,8.707 32.586,11 25,11 25,13   32.586,13 "
          style="fill:#3A4249;"
        />
        
  
        <rect
          height="2"
          style="fill:#3A4249;"
          width="2"
          x="21"
          y="11"
        />
        
  
        <path
          d="M56,17h-9h-7.521c-3.103,0-5.694,2.366-5.975,5.457L33,28l-8,6l4,5l10-7v-8h2v8h-2v6l-4,24h8l4-24v24  h8V38V24h2v14h5V23C62,19.687,59.313,17,56,17z M48,33h-2v-2h2V33z M48,29h-2v-8h2V29z"
          style="fill:#3A4249;"
        />
        

      </svg>
      <div>
        19
      </div>
    </div>
    <div
      title="Critical cases"
    >
      <svg
        id="_x31_-outline-expand"
        version="1.1"
        viewBox="0 0 64 64"
      >
        
  
        <path
          d="M9.452,20.62l-1.57-1.239c3.049-3.86,6.636-7.246,10.662-10.065l1.146,1.639  C15.824,13.661,12.379,16.913,9.452,20.62z"
          style="fill:#3A4249;"
        />
        
  
        <polygon
          points="49,2 62,2 57,11 60,11 49,22 51,12 48,12 "
          style="fill:#3A4249;"
        />
        
  
        <path
          d="M40.59,13.41C40.21,13.14,39.75,13,39.28,13C38.02,13,37,14.02,37,15.28V28c-2.209,0-4-1.791-4-4V2  h-4v22c0,2.209-1.791,4-4,4V15.28c0-1.26-1.02-2.28-2.28-2.28c-0.47,0-0.93,0.14-1.31,0.41c-5.546,3.887-10.074,8.9-13.357,14.61  C10.513,32.197,14.941,35,20,35c1.763,0,3.445-0.354,5-0.973V32c2.39,0,4.54-1.05,6-2.71c1.46,1.66,3.61,2.71,6,2.71v16.63  c0,0.916,0.312,1.788,0.859,2.484c8.822-2.319,15.888-9.002,18.754-17.591C53.355,25.523,47.858,18.503,40.59,13.41z"
          style="fill:#3A4249;"
        />
        
  
        <path
          d="M39.895,52.599L56.49,61.72C56.82,61.9,57.2,62,57.59,62h0.13c1.261,0,2.28-1.02,2.28-2.28v-9.03  c0-4.935-0.806-9.765-2.323-14.323C54.396,44.037,47.901,50.012,39.895,52.599z"
          style="fill:#3A4249;"
        />
        
  
        <path
          d="M3.533,39.043c-0.039,0.146-0.086,0.29-0.123,0.437C2.48,43.1,2,46.86,2,50.69v9.03  C2,60.98,3.02,62,4.28,62h0.13c0.39,0,0.77-0.1,1.1-0.28l7.98-4.39l0.432-0.238C9.245,53.567,5.505,47.085,3.533,39.043z"
          style="fill:#3A4249;"
        />
        
  
        <path
          d="M20,37c-5.374,0-10.127-2.756-13.03-6.959c-0.07,0.138-0.151,0.271-0.22,0.41  c-0.756,1.518-1.419,3.082-1.999,4.681c1.625,9.684,5.761,17.462,11.063,20.922l7.116-3.912c1.28-0.7,2.07-2.05,2.07-3.51V36.163  C23.425,36.7,21.747,37,20,37z"
          style="fill:#3A4249;"
        />
        

      </svg>
      <div>
        1
      </div>
    </div>
    <div
      title="Deaths"
    >
      <svg
        height="64px"
        preserveAspectRatio="xMidYMid meet"
        version="1.1"
        viewBox="0 0 640 640"
        width="64px"
        x="0px"
        y="0px"
      >
        
  
        <g
          id="layer101"
        >
          
    
          <path
            d="M40 609 c22 -30 22 -30 37 -10 14 20 23 21 238 21 209 0 225 -1 234 -19 6 -10 9 -20 8 -22 -1 -2 4 3 11 11 46 52 57 50 -258 50 l-291 0 21 -31z"
            fill="#3a4249"
          />
          
    
          <path
            d="M110 386 c0 -113 4 -207 11 -223 14 -38 67 -92 106 -109 18 -8 58 -14 90 -14 96 0 167 55 193 149 11 39 14 310 4 360 l-7 31 -198 0 -199 0 0 -194z m290 -6 c0 -18 -7 -20 -80 -20 -73 0 -80 2 -80 20 0 18 7 20 80 20 73 0 80 -2 80 -20z m20 -80 c0 -19 -7 -20 -100 -20 -93 0 -100 1 -100 20 0 19 7 20 100 20 93 0 100 -1 100 -20z m-40 -80 c0 -18 -7 -20 -60 -20 -53 0 -60 2 -60 20 0 18 7 20 60 20 53 0 60 -2 60 -20z"
            fill="#3a4249"
          />
          
  
        </g>
        

      </svg>
      <div>
        0
      </div>
    </div>
    <div
      title="Recovered cases"
    >
      <svg
        id="_x31_-outline-expand"
        version="1.1"
        viewBox="0 0 64 64"
      >
        
  
        <path
          d="M54,57.499v-2h-4.283c-0.041-0.073-0.087-0.145-0.136-0.217l2.616-0.554l-0.414-1.957l-4.238,0.897  c-0.403-0.204-0.853-0.391-1.336-0.562l0.827-0.525l-1.072-1.688l-2.389,1.517c-0.828-0.155-1.71-0.27-2.633-0.337L41,52.059l-4-12  l-10-2v-9.06h7l7-7l-2-2v-7.454L49,8L39,3.454V2.999h-2v17l-5,5h-9.983c0.754-0.003,1.468-0.171,2.104-0.469  C22.85,23.85,22,22.53,22,21h2c0,1.1,0.9,2,2,2c0.63-0.83,1-1.87,1-3c0-2.76-2.24-5-5-5s-5,2.24-5,5  c0,2.757,2.235,4.994,4.991,4.999H15l-5.331,6.138c-1.019,1.172-1.266,2.828-0.635,4.247L12,42.059l4-2l-3-6l4-4v11l-1,19.94h5  l2-17.94l11,2l2.643,7.047c-0.774,0.069-1.514,0.173-2.217,0.305l-2.39-1.517l-1.072,1.688l0.826,0.525  c-0.483,0.172-0.932,0.359-1.335,0.562l-4.238-0.897l-0.414,1.957l2.616,0.554c-0.049,0.072-0.096,0.144-0.136,0.217H24v2h4.282  c0.041,0.074,0.088,0.146,0.137,0.218l-2.616,0.553l0.414,1.957l4.239-0.896c0.403,0.203,0.852,0.39,1.334,0.561l-0.827,0.524  l1.072,1.689l2.392-1.518c1.106,0.207,2.306,0.344,3.573,0.39V62h2v-1.021c1.266-0.047,2.467-0.183,3.572-0.39l2.392,1.518  l1.072-1.689l-0.826-0.524c0.482-0.172,0.931-0.358,1.334-0.562l4.239,0.897l0.414-1.957l-2.616-0.553  c0.049-0.072,0.096-0.145,0.137-0.218H54z"
          style="fill:#3A4249;"
        />
        

      </svg>
      <div>
        0
      </div>
    </div>
  </div>
</div>
`;
