// Jest Snapshot v1, https://goo.gl/fbAQLP

exports[`renders a StatsCard for infection with count of 5 1`] = `
<div
  class="stats"
>
  5
</div>
`;
